{"tickets":{"ABC-1":{"id":"ABC-1","columnChanges":{"172800000":{"id":"ABC-1","column":"column1","enter":172800000}}}},"boardCreated":172800000,"latestChange":172800000}