{"rapidView":[570],"swimlane":[1226,1225],"column":[2988,2970,2964,2965,2966]}