[["Leadtime","item count"],[1,["DFOL-14697"]],[2,["DFOL-13963","DFOL-14042","TECH-27497","DFOL-14105","DFOL-14158"]],[3,["DFOL-14006","DFOL-14019","DFOL-14027","DFOL-14033","DFOL-14149","DFOL-14157","DFOL-14332","DFOL-14335"]],[4,["DFOL-14003","DFOL-14101"]],[5,["DFOL-14090","DFOL-14272"]],[7,["DFOL-14136","DFOL-14150"]]]