[["Leadtime","item count"],[3,["DFOL-14697"]],[8,["DFOL-13963","DFOL-14042","DFOL-14105"]],[9,["TECH-27497"]],[14,["DFOL-14158"]],[15,["DFOL-14006","DFOL-14019","DFOL-14027","DFOL-14157"]],[16,["DFOL-14149"]],[20,["DFOL-14332","DFOL-14335"]],[21,["DFOL-14033"]],[23,["DFOL-14003"]],[24,["DFOL-14101"]],[34,["DFOL-14090"]],[35,["DFOL-14272"]],[48,["DFOL-14136","DFOL-14150"]]]