[["Leadtime","item count"],[1,["DFOL-13972","DFOL-14671"]],[4,["DFOL-14169","DFOL-14484"]],[5,["DFOL-14387"]],[6,["DFOL-14324"]],[10,["DFOL-13937"]],[12,["DFOL-14022"]]]