{"DFOL-79":{"id":"DFOL-79","columnChanges":{"1318524408000":{"id":"DFOL-79","enter":"1318524408000","column":"TODO"},"1352135771000":{"id":"DFOL-79","enter":"1352135771000","column":"DONE"}}}}