[["Ticket","Done","Lead time","Cycle time","Started in"],{"id":"DFOL-14105","done":"1486137304000","leadTime":610697000,"cycleTime":null,"startedIterationInColumn":"Develop/In Progress"},{"id":"TECH-27497","done":"1486043430000","leadTime":705913000,"cycleTime":null,"startedIterationInColumn":"Backlog"},{"id":"DFOL-14027","done":"1485966969000","leadTime":1213613000,"cycleTime":null,"startedIterationInColumn":"Develop/In Progress"},{"id":"DFOL-14019","done":"1485961211000","leadTime":1223883000,"cycleTime":null,"startedIterationInColumn":"Develop/In Progress"},{"id":"DFOL-14006","done":"1485866002000","leadTime":1285060000,"cycleTime":null,"startedIterationInColumn":"Develop/In Progress"}]