[["Leadtime","item count"],[1,["DFOL-13963"]],[2,["TECH-27497"]],[3,["DFOL-14697"]],[5,["DFOL-14042"]],[6,["DFOL-14335"]],[8,["DFOL-14006","DFOL-14105"]],[9,["DFOL-14027"]],[13,["DFOL-14158"]],[14,["DFOL-14019"]],[15,["DFOL-14157","DFOL-14272"]],[16,["DFOL-14149"]],[17,["DFOL-14003"]],[19,["DFOL-14101"]],[20,["DFOL-14033","DFOL-14332"]],[28,["DFOL-14090","DFOL-14136"]],[41,["DFOL-14150"]]]