[{"index":0,"name":"Inbox"},{"index":1,"name":"Refine"},{"index":2,"name":"TODO"},{"index":3,"name":"DOING"},{"index":4,"name":"DONE"}]