[["Period",null],[86400000,["ABC-1"]],[259200000,[]],[432000000,[]],[604800000,[]]]