[["Ticket","Done","Lead time","Cycle time","Started in"]]