http://localhost:8080/rest/api/2/search?jql=issueKey%20in%20(abc123%2Cabc345)&fields=key,summary