[["Leadtime","item count"],[2,["DFOL-14671"]],[4,["DFOL-14484","DFOL-14485"]],[6,["DFOL-14387"]],[7,["DFOL-14324"]],[10,["DFOL-14169"]],[12,["DFOL-14022"]],[13,["DFOL-13972"]],[15,["DFOL-13937"]]]