[["Period",null],[86400000,1],[259200000,0],[432000000,-1],[604800000,0]]