[["Date","done","column2","column1"],[172800000,0,0,1],[259200000,0,0,1],[345600000,0,1,0],[432000000,0,1,0],[518400000,1,0,0],[604800000,1,0,0]]