[["Period","Throughput"],[86400000,0],[259200000,0],[432000000,1],[604800000,0]]